// Jest Snapshot v1, https://goo.gl/fbAQLP

exports[`Test component Blog render component Blog 1`] = `
    <>
      <Navbar />
      <section className="container-dashboard">
        <h1 className="title-blog">
          Welcome
          <br />
          {user.email}
          !!!
        </h1>
        <section className="container-notes">
          {blogs.map((blog) => (
            <div className="post" key={blog.id}>
              <div className="postInfo">
                <img className="clip-icon" src={clipIcon} alt="clip-icon" />
                <p className="title">{blog.tittle}</p>
                <p className="postText">{blog.message}</p>
                <p className="postDate">{blog.date}</p>
              </div>
              <div className="btn-post">
                <button
                  type="button"
                  className=""
                  onClick={() => {
                    setOpenModalDelete(true);
                    setCurrentId(blog.id);
                  }}
                >
                  <img className="delete-icon" src={deleteIcon} alt="delete-icon" />
                </button>
                <button
                  type="button"
                  className=""
                  onClick={() => {
                    setOpenModal(true);
                    setCurrentId(blog.id);
                  }}
                >
                  <img className="edit-icon" src={editIcon} alt="edit-icon" />
                </button>
              </div>

            </div>
          ))}
        </section>
        <button
          type="button"
          className=""
          onClick={() => setOpenModal(true)}
        >
          {' '}
          <img className="plus-icon" src={plusIcon} alt="plus-icon" />
        </button>



      </section>

    </>

`
