// Jest Snapshot v1, https://goo.gl/fbAQLP

exports[`test App renders learn react link 1`] = `
<div
  className="container-welcome"
>
  <section
    className="box-container"
  >
    <img
      alt="girl-icon"
      className="girl-image"
      src="girlIcon.svg"
    />
    <p
      className="descriptionWelcome"
    >
      The best app for
       
      <br />
       
      organize your
       
      <br />
       
      day...
    </p>
    <div
      className="box-buttons"
    >
      <h1
        className="titleWelcome"
      >
        JOIN OUR
         
        <br />
         
        TEAM
      </h1>
      <button
        className="btn-welcome"
        on={true}
        onClick={[Function]}
        type="button"
      >
        Login
      </button>
      <p
        className="orText"
      >
        -------------- or ---------------
      </p>
      <button
        className="btn-welcome"
        on={true}
        onClick={[Function]}
        type="button"
      >
        Sign up
      </button>
      <br />
      <button
        className="btn-google"
        on={true}
        onClick={[Function]}
        type="button"
      >
        <img
          alt="google-icon"
          className="icon-google"
          src="googleIcon.svg"
        />
        Continue with Google
      </button>
    </div>
  </section>
</div>
`;
